2026-03-29 11:31:38,717 [DEBUG] google.auth._default (_default.py:335): Checking '' for explicit credentials as part of auth process...
2026-03-29 11:31:38,717 [DEBUG] google.auth._default (_default.py:305): Checking Cloud SDK credentials as part of auth process...
2026-03-29 11:31:41,274 [DEBUG] google.cloud.bigquery.opentelemetry_tracing (opentelemetry_tracing.py:66): This service is instrumented using OpenTelemetry. OpenTelemetry or one of its components could not be imported; please add compatible versions of opentelemetry-api and opentelemetry-instrumentation packages in order to get BigQuery Tracing data.
2026-03-29 11:31:41,275 [DEBUG] urllib3.util.retry (retry.py:298): Converted retries value: 3 -> Retry(total=3, connect=None, read=None, redirect=None, status=None)
2026-03-29 11:31:41,299 [DEBUG] urllib3.connectionpool (connectionpool.py:1049): Starting new HTTPS connection (1): oauth2.googleapis.com:443
2026-03-29 11:31:41,897 [DEBUG] urllib3.connectionpool (connectionpool.py:544): https://oauth2.googleapis.com:443 "POST /token HTTP/1.1" 200 None
2026-03-29 11:31:41,899 [DEBUG] urllib3.connectionpool (connectionpool.py:1049): Starting new HTTPS connection (1): bigquery.googleapis.com:443
2026-03-29 11:31:43,141 [DEBUG] urllib3.connectionpool (connectionpool.py:544): https://bigquery.googleapis.com:443 "POST /bigquery/v2/projects/ph-wonder-trivia-quiz/datasets?prettyPrint=false HTTP/1.1" 409 None
2026-03-29 11:31:43,588 [DEBUG] urllib3.connectionpool (connectionpool.py:544): https://bigquery.googleapis.com:443 "GET /bigquery/v2/projects/ph-wonder-trivia-quiz/datasets/argus_dev_dataset?prettyPrint=false HTTP/1.1" 200 None
2026-03-29 11:31:43,589 [INFO] __main__ (load_datasets_to_bq.py:32): Created dataset ph-wonder-trivia-quiz.argus_dev_dataset
2026-03-29 11:31:43,589 [INFO] src.scripts.data.sqlite_extractor (sqlite_extractor.py:21): Connecting to database: C:\Users\Fred\Python playground\argus_sql\src\data\raw\california_schools.sqlite
2026-03-29 11:31:46,269 [DEBUG] urllib3.connectionpool (connectionpool.py:544): https://bigquery.googleapis.com:443 "POST /upload/bigquery/v2/projects/ph-wonder-trivia-quiz/jobs?uploadType=multipart HTTP/1.1" 200 4875
2026-03-29 11:31:46,637 [DEBUG] urllib3.connectionpool (connectionpool.py:544): https://bigquery.googleapis.com:443 "GET /bigquery/v2/projects/ph-wonder-trivia-quiz/jobs/d0b6d70a-2ef5-4e67-b518-bcb318e39fe0?projection=full&location=US&prettyPrint=false HTTP/1.1" 200 None
2026-03-29 11:31:47,978 [DEBUG] urllib3.connectionpool (connectionpool.py:544): https://bigquery.googleapis.com:443 "GET /bigquery/v2/projects/ph-wonder-trivia-quiz/jobs/d0b6d70a-2ef5-4e67-b518-bcb318e39fe0?projection=full&location=US&prettyPrint=false HTTP/1.1" 200 None
2026-03-29 11:31:49,143 [DEBUG] urllib3.connectionpool (connectionpool.py:544): https://bigquery.googleapis.com:443 "GET /bigquery/v2/projects/ph-wonder-trivia-quiz/datasets/argus_dev_dataset/tables/frpm?prettyPrint=false HTTP/1.1" 200 None
2026-03-29 11:31:49,143 [INFO] __main__ (load_datasets_to_bq.py:52): Loaded 9986 rows to BigQuery table ph-wonder-trivia-quiz.argus_dev_dataset.frpm
2026-03-29 11:31:51,102 [DEBUG] urllib3.connectionpool (connectionpool.py:544): https://bigquery.googleapis.com:443 "POST /upload/bigquery/v2/projects/ph-wonder-trivia-quiz/jobs?uploadType=multipart HTTP/1.1" 200 2467
2026-03-29 11:31:51,475 [DEBUG] urllib3.connectionpool (connectionpool.py:544): https://bigquery.googleapis.com:443 "GET /bigquery/v2/projects/ph-wonder-trivia-quiz/jobs/9a6ccef8-32b4-4995-9add-78e29c995dd1?projection=full&location=US&prettyPrint=false HTTP/1.1" 200 None
2026-03-29 11:31:52,060 [DEBUG] urllib3.connectionpool (connectionpool.py:544): https://bigquery.googleapis.com:443 "GET /bigquery/v2/projects/ph-wonder-trivia-quiz/jobs/9a6ccef8-32b4-4995-9add-78e29c995dd1?projection=full&location=US&prettyPrint=false HTTP/1.1" 200 None
2026-03-29 11:31:53,890 [DEBUG] urllib3.connectionpool (connectionpool.py:544): https://bigquery.googleapis.com:443 "GET /bigquery/v2/projects/ph-wonder-trivia-quiz/jobs/9a6ccef8-32b4-4995-9add-78e29c995dd1?projection=full&location=US&prettyPrint=false HTTP/1.1" 200 None
2026-03-29 11:31:54,286 [DEBUG] urllib3.connectionpool (connectionpool.py:544): https://bigquery.googleapis.com:443 "GET /bigquery/v2/projects/ph-wonder-trivia-quiz/datasets/argus_dev_dataset/tables/satscores?prettyPrint=false HTTP/1.1" 200 None
2026-03-29 11:31:54,287 [INFO] __main__ (load_datasets_to_bq.py:52): Loaded 2269 rows to BigQuery table ph-wonder-trivia-quiz.argus_dev_dataset.satscores
2026-03-29 11:31:56,729 [DEBUG] urllib3.connectionpool (connectionpool.py:544): https://bigquery.googleapis.com:443 "POST /upload/bigquery/v2/projects/ph-wonder-trivia-quiz/jobs?uploadType=multipart HTTP/1.1" 200 6939
2026-03-29 11:31:57,099 [DEBUG] urllib3.connectionpool (connectionpool.py:544): https://bigquery.googleapis.com:443 "GET /bigquery/v2/projects/ph-wonder-trivia-quiz/jobs/e582d76e-37bf-49a0-b77e-2d8740b3773b?projection=full&location=US&prettyPrint=false HTTP/1.1" 200 None
2026-03-29 11:31:57,959 [DEBUG] urllib3.connectionpool (connectionpool.py:544): https://bigquery.googleapis.com:443 "GET /bigquery/v2/projects/ph-wonder-trivia-quiz/jobs/e582d76e-37bf-49a0-b77e-2d8740b3773b?projection=full&location=US&prettyPrint=false HTTP/1.1" 200 None
2026-03-29 11:31:59,286 [DEBUG] urllib3.connectionpool (connectionpool.py:544): https://bigquery.googleapis.com:443 "GET /bigquery/v2/projects/ph-wonder-trivia-quiz/jobs/e582d76e-37bf-49a0-b77e-2d8740b3773b?projection=full&location=US&prettyPrint=false HTTP/1.1" 200 None
2026-03-29 11:31:59,674 [DEBUG] urllib3.connectionpool (connectionpool.py:544): https://bigquery.googleapis.com:443 "GET /bigquery/v2/projects/ph-wonder-trivia-quiz/datasets/argus_dev_dataset/tables/schools?prettyPrint=false HTTP/1.1" 200 None
2026-03-29 11:31:59,677 [INFO] __main__ (load_datasets_to_bq.py:52): Loaded 17686 rows to BigQuery table ph-wonder-trivia-quiz.argus_dev_dataset.schools
2026-03-29 11:31:59,678 [INFO] src.scripts.data.sqlite_extractor (sqlite_extractor.py:76): Database connection closed safely.
2026-03-29 11:31:59,678 [INFO] src.scripts.data.sqlite_extractor (sqlite_extractor.py:21): Connecting to database: C:\Users\Fred\Python playground\argus_sql\src\data\raw\student_club.sqlite
2026-03-29 11:32:01,609 [DEBUG] urllib3.connectionpool (connectionpool.py:544): https://bigquery.googleapis.com:443 "POST /upload/bigquery/v2/projects/ph-wonder-trivia-quiz/jobs?uploadType=multipart HTTP/1.1" 200 1995
2026-03-29 11:32:01,964 [DEBUG] urllib3.connectionpool (connectionpool.py:544): https://bigquery.googleapis.com:443 "GET /bigquery/v2/projects/ph-wonder-trivia-quiz/jobs/b7ed5e15-28e0-4747-aee9-e1d65098cd87?projection=full&location=US&prettyPrint=false HTTP/1.1" 200 None
2026-03-29 11:32:02,464 [DEBUG] urllib3.connectionpool (connectionpool.py:544): https://bigquery.googleapis.com:443 "GET /bigquery/v2/projects/ph-wonder-trivia-quiz/jobs/b7ed5e15-28e0-4747-aee9-e1d65098cd87?projection=full&location=US&prettyPrint=false HTTP/1.1" 200 None
2026-03-29 11:32:04,348 [DEBUG] urllib3.connectionpool (connectionpool.py:544): https://bigquery.googleapis.com:443 "GET /bigquery/v2/projects/ph-wonder-trivia-quiz/jobs/b7ed5e15-28e0-4747-aee9-e1d65098cd87?projection=full&location=US&prettyPrint=false HTTP/1.1" 200 None
2026-03-29 11:32:04,807 [DEBUG] urllib3.connectionpool (connectionpool.py:544): https://bigquery.googleapis.com:443 "GET /bigquery/v2/projects/ph-wonder-trivia-quiz/datasets/argus_dev_dataset/tables/event?prettyPrint=false HTTP/1.1" 200 None
2026-03-29 11:32:04,807 [INFO] __main__ (load_datasets_to_bq.py:52): Loaded 42 rows to BigQuery table ph-wonder-trivia-quiz.argus_dev_dataset.event
2026-03-29 11:32:06,938 [DEBUG] urllib3.connectionpool (connectionpool.py:544): https://bigquery.googleapis.com:443 "POST /upload/bigquery/v2/projects/ph-wonder-trivia-quiz/jobs?uploadType=multipart HTTP/1.1" 200 1649
2026-03-29 11:32:07,306 [DEBUG] urllib3.connectionpool (connectionpool.py:544): https://bigquery.googleapis.com:443 "GET /bigquery/v2/projects/ph-wonder-trivia-quiz/jobs/304e32fb-cb56-4559-bba6-ecda38705a57?projection=full&location=US&prettyPrint=false HTTP/1.1" 200 None
2026-03-29 11:32:08,322 [DEBUG] urllib3.connectionpool (connectionpool.py:544): https://bigquery.googleapis.com:443 "GET /bigquery/v2/projects/ph-wonder-trivia-quiz/jobs/304e32fb-cb56-4559-bba6-ecda38705a57?projection=full&location=US&prettyPrint=false HTTP/1.1" 200 None
2026-03-29 11:32:09,463 [DEBUG] urllib3.connectionpool (connectionpool.py:544): https://bigquery.googleapis.com:443 "GET /bigquery/v2/projects/ph-wonder-trivia-quiz/jobs/304e32fb-cb56-4559-bba6-ecda38705a57?projection=full&location=US&prettyPrint=false HTTP/1.1" 200 None
2026-03-29 11:32:09,899 [DEBUG] urllib3.connectionpool (connectionpool.py:544): https://bigquery.googleapis.com:443 "GET /bigquery/v2/projects/ph-wonder-trivia-quiz/datasets/argus_dev_dataset/tables/major?prettyPrint=false HTTP/1.1" 200 None
2026-03-29 11:32:09,900 [INFO] __main__ (load_datasets_to_bq.py:52): Loaded 113 rows to BigQuery table ph-wonder-trivia-quiz.argus_dev_dataset.major
2026-03-29 11:32:12,502 [DEBUG] urllib3.connectionpool (connectionpool.py:544): https://bigquery.googleapis.com:443 "POST /upload/bigquery/v2/projects/ph-wonder-trivia-quiz/jobs?uploadType=multipart HTTP/1.1" 200 1876
2026-03-29 11:32:12,875 [DEBUG] urllib3.connectionpool (connectionpool.py:544): https://bigquery.googleapis.com:443 "GET /bigquery/v2/projects/ph-wonder-trivia-quiz/jobs/ec48a9d6-c6f4-47bb-a68c-38aa5d3b7867?projection=full&location=US&prettyPrint=false HTTP/1.1" 200 None
2026-03-29 11:32:14,016 [DEBUG] urllib3.connectionpool (connectionpool.py:544): https://bigquery.googleapis.com:443 "GET /bigquery/v2/projects/ph-wonder-trivia-quiz/jobs/ec48a9d6-c6f4-47bb-a68c-38aa5d3b7867?projection=full&location=US&prettyPrint=false HTTP/1.1" 200 None
2026-03-29 11:32:15,333 [DEBUG] urllib3.connectionpool (connectionpool.py:544): https://bigquery.googleapis.com:443 "GET /bigquery/v2/projects/ph-wonder-trivia-quiz/jobs/ec48a9d6-c6f4-47bb-a68c-38aa5d3b7867?projection=full&location=US&prettyPrint=false HTTP/1.1" 200 None
2026-03-29 11:32:15,682 [DEBUG] urllib3.connectionpool (connectionpool.py:544): https://bigquery.googleapis.com:443 "GET /bigquery/v2/projects/ph-wonder-trivia-quiz/datasets/argus_dev_dataset/tables/zip_code?prettyPrint=false HTTP/1.1" 200 None
2026-03-29 11:32:15,684 [INFO] __main__ (load_datasets_to_bq.py:52): Loaded 41877 rows to BigQuery table ph-wonder-trivia-quiz.argus_dev_dataset.zip_code
2026-03-29 11:32:17,445 [DEBUG] urllib3.connectionpool (connectionpool.py:544): https://bigquery.googleapis.com:443 "POST /upload/bigquery/v2/projects/ph-wonder-trivia-quiz/jobs?uploadType=multipart HTTP/1.1" 200 1426
2026-03-29 11:32:17,799 [DEBUG] urllib3.connectionpool (connectionpool.py:544): https://bigquery.googleapis.com:443 "GET /bigquery/v2/projects/ph-wonder-trivia-quiz/jobs/f5c2cf93-9f9e-4f37-bb97-83669ff777ba?projection=full&location=US&prettyPrint=false HTTP/1.1" 200 None
2026-03-29 11:32:18,487 [DEBUG] urllib3.connectionpool (connectionpool.py:544): https://bigquery.googleapis.com:443 "GET /bigquery/v2/projects/ph-wonder-trivia-quiz/jobs/f5c2cf93-9f9e-4f37-bb97-83669ff777ba?projection=full&location=US&prettyPrint=false HTTP/1.1" 200 None
2026-03-29 11:32:19,361 [DEBUG] urllib3.connectionpool (connectionpool.py:544): https://bigquery.googleapis.com:443 "GET /bigquery/v2/projects/ph-wonder-trivia-quiz/jobs/f5c2cf93-9f9e-4f37-bb97-83669ff777ba?projection=full&location=US&prettyPrint=false HTTP/1.1" 200 None
2026-03-29 11:32:20,662 [DEBUG] urllib3.connectionpool (connectionpool.py:544): https://bigquery.googleapis.com:443 "GET /bigquery/v2/projects/ph-wonder-trivia-quiz/jobs/f5c2cf93-9f9e-4f37-bb97-83669ff777ba?projection=full&location=US&prettyPrint=false HTTP/1.1" 200 None
2026-03-29 11:32:21,122 [DEBUG] urllib3.connectionpool (connectionpool.py:544): https://bigquery.googleapis.com:443 "GET /bigquery/v2/projects/ph-wonder-trivia-quiz/datasets/argus_dev_dataset/tables/attendance?prettyPrint=false HTTP/1.1" 200 None
2026-03-29 11:32:21,123 [INFO] __main__ (load_datasets_to_bq.py:52): Loaded 326 rows to BigQuery table ph-wonder-trivia-quiz.argus_dev_dataset.attendance
2026-03-29 11:32:22,957 [DEBUG] urllib3.connectionpool (connectionpool.py:544): https://bigquery.googleapis.com:443 "POST /upload/bigquery/v2/projects/ph-wonder-trivia-quiz/jobs?uploadType=multipart HTTP/1.1" 200 2006
2026-03-29 11:32:23,335 [DEBUG] urllib3.connectionpool (connectionpool.py:544): https://bigquery.googleapis.com:443 "GET /bigquery/v2/projects/ph-wonder-trivia-quiz/jobs/72482821-15f0-4e78-b31c-844db08ac0fc?projection=full&location=US&prettyPrint=false HTTP/1.1" 200 None
2026-03-29 11:32:24,624 [DEBUG] urllib3.connectionpool (connectionpool.py:544): https://bigquery.googleapis.com:443 "GET /bigquery/v2/projects/ph-wonder-trivia-quiz/jobs/72482821-15f0-4e78-b31c-844db08ac0fc?projection=full&location=US&prettyPrint=false HTTP/1.1" 200 None
2026-03-29 11:32:25,804 [DEBUG] urllib3.connectionpool (connectionpool.py:544): https://bigquery.googleapis.com:443 "GET /bigquery/v2/projects/ph-wonder-trivia-quiz/jobs/72482821-15f0-4e78-b31c-844db08ac0fc?projection=full&location=US&prettyPrint=false HTTP/1.1" 200 None
2026-03-29 11:32:26,231 [DEBUG] urllib3.connectionpool (connectionpool.py:544): https://bigquery.googleapis.com:443 "GET /bigquery/v2/projects/ph-wonder-trivia-quiz/datasets/argus_dev_dataset/tables/budget?prettyPrint=false HTTP/1.1" 200 None
2026-03-29 11:32:26,277 [INFO] __main__ (load_datasets_to_bq.py:52): Loaded 52 rows to BigQuery table ph-wonder-trivia-quiz.argus_dev_dataset.budget
2026-03-29 11:32:28,460 [DEBUG] urllib3.connectionpool (connectionpool.py:544): https://bigquery.googleapis.com:443 "POST /upload/bigquery/v2/projects/ph-wonder-trivia-quiz/jobs?uploadType=multipart HTTP/1.1" 200 2026
2026-03-29 11:32:28,837 [DEBUG] urllib3.connectionpool (connectionpool.py:544): https://bigquery.googleapis.com:443 "GET /bigquery/v2/projects/ph-wonder-trivia-quiz/jobs/5605dae3-06af-4c49-a95c-801ca168730d?projection=full&location=US&prettyPrint=false HTTP/1.1" 200 None
2026-03-29 11:32:30,074 [DEBUG] urllib3.connectionpool (connectionpool.py:544): https://bigquery.googleapis.com:443 "GET /bigquery/v2/projects/ph-wonder-trivia-quiz/jobs/5605dae3-06af-4c49-a95c-801ca168730d?projection=full&location=US&prettyPrint=false HTTP/1.1" 200 None
2026-03-29 11:32:30,482 [DEBUG] urllib3.connectionpool (connectionpool.py:544): https://bigquery.googleapis.com:443 "GET /bigquery/v2/projects/ph-wonder-trivia-quiz/datasets/argus_dev_dataset/tables/expense?prettyPrint=false HTTP/1.1" 200 None
2026-03-29 11:32:30,483 [INFO] __main__ (load_datasets_to_bq.py:52): Loaded 32 rows to BigQuery table ph-wonder-trivia-quiz.argus_dev_dataset.expense
2026-03-29 11:32:32,492 [DEBUG] urllib3.connectionpool (connectionpool.py:544): https://bigquery.googleapis.com:443 "POST /upload/bigquery/v2/projects/ph-wonder-trivia-quiz/jobs?uploadType=multipart HTTP/1.1" 200 1889
2026-03-29 11:32:32,926 [DEBUG] urllib3.connectionpool (connectionpool.py:544): https://bigquery.googleapis.com:443 "GET /bigquery/v2/projects/ph-wonder-trivia-quiz/jobs/8884cc3e-32f9-4ca5-83d0-6ec238656eed?projection=full&location=US&prettyPrint=false HTTP/1.1" 200 None
2026-03-29 11:32:34,250 [DEBUG] urllib3.connectionpool (connectionpool.py:544): https://bigquery.googleapis.com:443 "GET /bigquery/v2/projects/ph-wonder-trivia-quiz/jobs/8884cc3e-32f9-4ca5-83d0-6ec238656eed?projection=full&location=US&prettyPrint=false HTTP/1.1" 200 None
2026-03-29 11:32:35,570 [DEBUG] urllib3.connectionpool (connectionpool.py:544): https://bigquery.googleapis.com:443 "GET /bigquery/v2/projects/ph-wonder-trivia-quiz/jobs/8884cc3e-32f9-4ca5-83d0-6ec238656eed?projection=full&location=US&prettyPrint=false HTTP/1.1" 200 None
2026-03-29 11:32:36,009 [DEBUG] urllib3.connectionpool (connectionpool.py:544): https://bigquery.googleapis.com:443 "GET /bigquery/v2/projects/ph-wonder-trivia-quiz/datasets/argus_dev_dataset/tables/income?prettyPrint=false HTTP/1.1" 200 None
2026-03-29 11:32:36,010 [INFO] __main__ (load_datasets_to_bq.py:52): Loaded 36 rows to BigQuery table ph-wonder-trivia-quiz.argus_dev_dataset.income
2026-03-29 11:32:38,129 [DEBUG] urllib3.connectionpool (connectionpool.py:544): https://bigquery.googleapis.com:443 "POST /upload/bigquery/v2/projects/ph-wonder-trivia-quiz/jobs?uploadType=multipart HTTP/1.1" 200 2240
2026-03-29 11:32:38,442 [DEBUG] urllib3.connectionpool (connectionpool.py:544): https://bigquery.googleapis.com:443 "GET /bigquery/v2/projects/ph-wonder-trivia-quiz/jobs/02e8550f-8476-465e-b2fa-59aff77dd3ce?projection=full&location=US&prettyPrint=false HTTP/1.1" 200 None
2026-03-29 11:32:39,756 [DEBUG] urllib3.connectionpool (connectionpool.py:544): https://bigquery.googleapis.com:443 "GET /bigquery/v2/projects/ph-wonder-trivia-quiz/jobs/02e8550f-8476-465e-b2fa-59aff77dd3ce?projection=full&location=US&prettyPrint=false HTTP/1.1" 200 None
2026-03-29 11:32:40,183 [DEBUG] urllib3.connectionpool (connectionpool.py:544): https://bigquery.googleapis.com:443 "GET /bigquery/v2/projects/ph-wonder-trivia-quiz/datasets/argus_dev_dataset/tables/member?prettyPrint=false HTTP/1.1" 200 None
2026-03-29 11:32:40,185 [INFO] __main__ (load_datasets_to_bq.py:52): Loaded 33 rows to BigQuery table ph-wonder-trivia-quiz.argus_dev_dataset.member
2026-03-29 11:32:40,185 [INFO] src.scripts.data.sqlite_extractor (sqlite_extractor.py:76): Database connection closed safely.
2026-03-29 23:05:29,334 [DEBUG] google.auth._default (_default.py:335): Checking '' for explicit credentials as part of auth process...
2026-03-29 23:05:29,387 [DEBUG] google.auth._default (_default.py:305): Checking Cloud SDK credentials as part of auth process...
2026-03-29 23:05:33,700 [DEBUG] urllib3.util.retry (retry.py:298): Converted retries value: 3 -> Retry(total=3, connect=None, read=None, redirect=None, status=None)
2026-03-29 23:05:33,735 [DEBUG] urllib3.connectionpool (connectionpool.py:1049): Starting new HTTPS connection (1): oauth2.googleapis.com:443
2026-03-29 23:05:34,329 [DEBUG] urllib3.connectionpool (connectionpool.py:544): https://oauth2.googleapis.com:443 "POST /token HTTP/1.1" 200 None
2026-03-29 23:05:34,333 [DEBUG] urllib3.connectionpool (connectionpool.py:1049): Starting new HTTPS connection (1): bigquery.googleapis.com:443
2026-03-29 23:05:37,362 [DEBUG] urllib3.connectionpool (connectionpool.py:544): https://bigquery.googleapis.com:443 "POST /upload/bigquery/v2/projects/ph-wonder-trivia-quiz/jobs?uploadType=multipart HTTP/1.1" 200 1998
2026-03-29 23:05:38,058 [DEBUG] urllib3.connectionpool (connectionpool.py:544): https://bigquery.googleapis.com:443 "GET /bigquery/v2/projects/ph-wonder-trivia-quiz/jobs/24da826b-ec91-49ec-b01d-8578b402c194?projection=full&location=US&prettyPrint=false HTTP/1.1" 200 None
2026-03-29 23:05:38,828 [DEBUG] urllib3.connectionpool (connectionpool.py:544): https://bigquery.googleapis.com:443 "GET /bigquery/v2/projects/ph-wonder-trivia-quiz/jobs/24da826b-ec91-49ec-b01d-8578b402c194?projection=full&location=US&prettyPrint=false HTTP/1.1" 200 None
2026-03-29 23:05:39,236 [DEBUG] urllib3.connectionpool (connectionpool.py:544): https://bigquery.googleapis.com:443 "GET /bigquery/v2/projects/ph-wonder-trivia-quiz/datasets/argus_dev_dataset/tables/golden_set?prettyPrint=false HTTP/1.1" 200 None
2026-03-29 23:05:39,239 [INFO] src.scripts.data.load_datasets_to_bq (load_datasets_to_bq.py:53): Loaded 50 rows to BigQuery table ph-wonder-trivia-quiz.argus_dev_dataset.golden_set
